// Jest Snapshot v1, https://goo.gl/fbAQLP

exports[`<Calendar /> should match snapshot 1`] = `
<div
  className="calendarContainer "
  data-test="calendarContainer"
  style={
    Object {
      "width": "100%",
    }
  }
>
  <div
    className="calendarTitle "
    data-test="calendarTitle"
  />
  <div
    className="calendarDaysContainer "
    data-test="calendarDaysContainer"
  >
    <div
      className="calendarHeaderContainer "
      data-test="calendarHeaderContainer"
    >
      Sun
    </div>
    <div
      className="calendarHeaderContainer "
      data-test="calendarHeaderContainer"
    >
      Mon
    </div>
    <div
      className="calendarHeaderContainer "
      data-test="calendarHeaderContainer"
    >
      Tue
    </div>
    <div
      className="calendarHeaderContainer "
      data-test="calendarHeaderContainer"
    >
      Wed
    </div>
    <div
      className="calendarHeaderContainer "
      data-test="calendarHeaderContainer"
    >
      Thu
    </div>
    <div
      className="calendarHeaderContainer "
      data-test="calendarHeaderContainer"
    >
      Fri
    </div>
    <div
      className="calendarHeaderContainer "
      data-test="calendarHeaderContainer"
    >
      Sat
    </div>
  </div>
  <div
    className="calendarRow "
    data-test="calendarRowContainer"
  >
    <div
      className="calendarDayContainer  "
      data-test="calendarDayContainer"
      onClick={[Function]}
      style={
        Object {
          "backgroundColor": "",
        }
      }
    />
    <div
      className="calendarDayContainer  "
      data-test="calendarDayContainer"
      onClick={[Function]}
      style={
        Object {
          "backgroundColor": "",
        }
      }
    />
    <div
      className="calendarDayContainer calendarActiveDate "
      data-test="calendarDayContainer"
      onClick={[Function]}
      style={
        Object {
          "backgroundColor": "",
        }
      }
    >
      <p
        className="calendarNum calendarActiveDateNumber"
        data-test="calendarNum"
      >
        1
         
      </p>
    </div>
    <div
      className="calendarDayContainer  "
      data-test="calendarDayContainer"
      onClick={[Function]}
      style={
        Object {
          "backgroundColor": "",
        }
      }
    >
      <p
        className="calendarNum "
        data-test="calendarNum"
      >
        2
         
      </p>
    </div>
    <div
      className="calendarDayContainer  "
      data-test="calendarDayContainer"
      onClick={[Function]}
      style={
        Object {
          "backgroundColor": "",
        }
      }
    >
      <p
        className="calendarNum "
        data-test="calendarNum"
      >
        3
         
      </p>
    </div>
    <div
      className="calendarDayContainer  "
      data-test="calendarDayContainer"
      onClick={[Function]}
      style={
        Object {
          "backgroundColor": "",
        }
      }
    >
      <p
        className="calendarNum "
        data-test="calendarNum"
      >
        4
         
      </p>
    </div>
    <div
      className="calendarDayContainer  "
      data-test="calendarDayContainer"
      onClick={[Function]}
      style={
        Object {
          "backgroundColor": "",
        }
      }
    >
      <p
        className="calendarNum "
        data-test="calendarNum"
      >
        5
         
      </p>
    </div>
  </div>
  <div
    className="calendarRow "
    data-test="calendarRowContainer"
  >
    <div
      className="calendarDayContainer  "
      data-test="calendarDayContainer"
      onClick={[Function]}
      style={
        Object {
          "backgroundColor": "",
        }
      }
    >
      <p
        className="calendarNum "
        data-test="calendarNum"
      >
        6
         
      </p>
    </div>
    <div
      className="calendarDayContainer  "
      data-test="calendarDayContainer"
      onClick={[Function]}
      style={
        Object {
          "backgroundColor": "",
        }
      }
    >
      <p
        className="calendarNum "
        data-test="calendarNum"
      >
        7
         
      </p>
    </div>
    <div
      className="calendarDayContainer  "
      data-test="calendarDayContainer"
      onClick={[Function]}
      style={
        Object {
          "backgroundColor": "",
        }
      }
    >
      <p
        className="calendarNum "
        data-test="calendarNum"
      >
        8
         
      </p>
    </div>
    <div
      className="calendarDayContainer  "
      data-test="calendarDayContainer"
      onClick={[Function]}
      style={
        Object {
          "backgroundColor": "",
        }
      }
    >
      <p
        className="calendarNum "
        data-test="calendarNum"
      >
        9
         
      </p>
    </div>
    <div
      className="calendarDayContainer  "
      data-test="calendarDayContainer"
      onClick={[Function]}
      style={
        Object {
          "backgroundColor": "",
        }
      }
    >
      <p
        className="calendarNum "
        data-test="calendarNum"
      >
        10
         
      </p>
    </div>
    <div
      className="calendarDayContainer  "
      data-test="calendarDayContainer"
      onClick={[Function]}
      style={
        Object {
          "backgroundColor": "",
        }
      }
    >
      <p
        className="calendarNum "
        data-test="calendarNum"
      >
        11
         
      </p>
    </div>
    <div
      className="calendarDayContainer  "
      data-test="calendarDayContainer"
      onClick={[Function]}
      style={
        Object {
          "backgroundColor": "",
        }
      }
    >
      <p
        className="calendarNum "
        data-test="calendarNum"
      >
        12
         
      </p>
    </div>
  </div>
  <div
    className="calendarRow "
    data-test="calendarRowContainer"
  >
    <div
      className="calendarDayContainer  "
      data-test="calendarDayContainer"
      onClick={[Function]}
      style={
        Object {
          "backgroundColor": "",
        }
      }
    >
      <p
        className="calendarNum "
        data-test="calendarNum"
      >
        13
         
      </p>
    </div>
    <div
      className="calendarDayContainer  "
      data-test="calendarDayContainer"
      onClick={[Function]}
      style={
        Object {
          "backgroundColor": "",
        }
      }
    >
      <p
        className="calendarNum "
        data-test="calendarNum"
      >
        14
         
      </p>
    </div>
    <div
      className="calendarDayContainer  "
      data-test="calendarDayContainer"
      onClick={[Function]}
      style={
        Object {
          "backgroundColor": "",
        }
      }
    >
      <p
        className="calendarNum "
        data-test="calendarNum"
      >
        15
         
      </p>
    </div>
    <div
      className="calendarDayContainer  "
      data-test="calendarDayContainer"
      onClick={[Function]}
      style={
        Object {
          "backgroundColor": "",
        }
      }
    >
      <p
        className="calendarNum "
        data-test="calendarNum"
      >
        16
         
      </p>
    </div>
    <div
      className="calendarDayContainer  "
      data-test="calendarDayContainer"
      onClick={[Function]}
      style={
        Object {
          "backgroundColor": "",
        }
      }
    >
      <p
        className="calendarNum "
        data-test="calendarNum"
      >
        17
         
      </p>
    </div>
    <div
      className="calendarDayContainer  "
      data-test="calendarDayContainer"
      onClick={[Function]}
      style={
        Object {
          "backgroundColor": "",
        }
      }
    >
      <p
        className="calendarNum "
        data-test="calendarNum"
      >
        18
         
      </p>
    </div>
    <div
      className="calendarDayContainer  "
      data-test="calendarDayContainer"
      onClick={[Function]}
      style={
        Object {
          "backgroundColor": "",
        }
      }
    >
      <p
        className="calendarNum "
        data-test="calendarNum"
      >
        19
         
      </p>
    </div>
  </div>
  <div
    className="calendarRow "
    data-test="calendarRowContainer"
  >
    <div
      className="calendarDayContainer  "
      data-test="calendarDayContainer"
      onClick={[Function]}
      style={
        Object {
          "backgroundColor": "",
        }
      }
    >
      <p
        className="calendarNum "
        data-test="calendarNum"
      >
        20
         
      </p>
    </div>
    <div
      className="calendarDayContainer  "
      data-test="calendarDayContainer"
      onClick={[Function]}
      style={
        Object {
          "backgroundColor": "",
        }
      }
    >
      <p
        className="calendarNum "
        data-test="calendarNum"
      >
        21
         
      </p>
    </div>
    <div
      className="calendarDayContainer  "
      data-test="calendarDayContainer"
      onClick={[Function]}
      style={
        Object {
          "backgroundColor": "",
        }
      }
    >
      <p
        className="calendarNum "
        data-test="calendarNum"
      >
        22
         
      </p>
    </div>
    <div
      className="calendarDayContainer  "
      data-test="calendarDayContainer"
      onClick={[Function]}
      style={
        Object {
          "backgroundColor": "",
        }
      }
    >
      <p
        className="calendarNum "
        data-test="calendarNum"
      >
        23
         
      </p>
    </div>
    <div
      className="calendarDayContainer  "
      data-test="calendarDayContainer"
      onClick={[Function]}
      style={
        Object {
          "backgroundColor": "",
        }
      }
    >
      <p
        className="calendarNum "
        data-test="calendarNum"
      >
        24
         
      </p>
    </div>
    <div
      className="calendarDayContainer  "
      data-test="calendarDayContainer"
      onClick={[Function]}
      style={
        Object {
          "backgroundColor": "",
        }
      }
    >
      <p
        className="calendarNum "
        data-test="calendarNum"
      >
        25
         
      </p>
    </div>
    <div
      className="calendarDayContainer  "
      data-test="calendarDayContainer"
      onClick={[Function]}
      style={
        Object {
          "backgroundColor": "",
        }
      }
    >
      <p
        className="calendarNum "
        data-test="calendarNum"
      >
        26
         
      </p>
    </div>
  </div>
  <div
    className="calendarRow "
    data-test="calendarRowContainer"
  >
    <div
      className="calendarDayContainer  "
      data-test="calendarDayContainer"
      onClick={[Function]}
      style={
        Object {
          "backgroundColor": "",
        }
      }
    >
      <p
        className="calendarNum "
        data-test="calendarNum"
      >
        27
         
      </p>
    </div>
    <div
      className="calendarDayContainer  "
      data-test="calendarDayContainer"
      onClick={[Function]}
      style={
        Object {
          "backgroundColor": "",
        }
      }
    >
      <p
        className="calendarNum "
        data-test="calendarNum"
      >
        28
         
      </p>
    </div>
    <div
      className="calendarDayContainer  "
      data-test="calendarDayContainer"
      onClick={[Function]}
      style={
        Object {
          "backgroundColor": "",
        }
      }
    >
      <p
        className="calendarNum "
        data-test="calendarNum"
      >
        29
         
      </p>
    </div>
    <div
      className="calendarDayContainer  "
      data-test="calendarDayContainer"
      onClick={[Function]}
      style={
        Object {
          "backgroundColor": "",
        }
      }
    >
      <p
        className="calendarNum "
        data-test="calendarNum"
      >
        30
         
      </p>
    </div>
    <div
      className="calendarDayContainer  "
      data-test="calendarDayContainer"
      onClick={[Function]}
      style={
        Object {
          "backgroundColor": "",
        }
      }
    >
      <p
        className="calendarNum "
        data-test="calendarNum"
      >
        31
         
      </p>
    </div>
    <div
      className="calendarDayContainer  "
      data-test="calendarDayContainer"
      onClick={[Function]}
      style={
        Object {
          "backgroundColor": "",
        }
      }
    />
    <div
      className="calendarDayContainer  "
      data-test="calendarDayContainer"
      onClick={[Function]}
      style={
        Object {
          "backgroundColor": "",
        }
      }
    />
  </div>
  
  
  
  
  
</div>
`;

exports[`<Calendar /> should match snapshot with data and titles 1`] = `
<div
  className="calendarContainer "
  data-test="calendarContainer"
  style={
    Object {
      "width": "100%",
    }
  }
>
  <div
    className="calendarTitle "
    data-test="calendarTitle"
  >
    ya alla
  </div>
  <div
    className="monthTitle "
    data-test="monthTitle"
  >
    October 2019
  </div>
  <div
    className="calendarDaysContainer "
    data-test="calendarDaysContainer"
  >
    <div
      className="calendarHeaderContainer "
      data-test="calendarHeaderContainer"
    >
      Sun
    </div>
    <div
      className="calendarHeaderContainer "
      data-test="calendarHeaderContainer"
    >
      Mon
    </div>
    <div
      className="calendarHeaderContainer "
      data-test="calendarHeaderContainer"
    >
      Tue
    </div>
    <div
      className="calendarHeaderContainer "
      data-test="calendarHeaderContainer"
    >
      Wed
    </div>
    <div
      className="calendarHeaderContainer "
      data-test="calendarHeaderContainer"
    >
      Thu
    </div>
    <div
      className="calendarHeaderContainer "
      data-test="calendarHeaderContainer"
    >
      Fri
    </div>
    <div
      className="calendarHeaderContainer "
      data-test="calendarHeaderContainer"
    >
      Sat
    </div>
  </div>
  <div
    className="calendarRow "
    data-test="calendarRowContainer"
  >
    <div
      className="calendarDayContainer  "
      data-test="calendarDayContainer"
      onClick={[Function]}
      style={
        Object {
          "backgroundColor": "",
        }
      }
    >
      <ul
        className="dayDataList "
        data-test="dayDataList"
      >
        
      </ul>
    </div>
    <div
      className="calendarDayContainer  "
      data-test="calendarDayContainer"
      onClick={[Function]}
      style={
        Object {
          "backgroundColor": "",
        }
      }
    >
      <ul
        className="dayDataList "
        data-test="dayDataList"
      >
        
      </ul>
    </div>
    <div
      className="calendarDayContainer calendarActiveDate "
      data-test="calendarDayContainer"
      onClick={[Function]}
      style={
        Object {
          "backgroundColor": "",
        }
      }
    >
      <p
        className="calendarNum calendarActiveDateNumber"
        data-test="calendarNum"
      >
        1
         
      </p>
      <ul
        className="dayDataList "
        data-test="dayDataList"
      >
        <li
          className="dayDataItem "
          data-test="dayDataListItem"
        >
          item 1
        </li>
        <li
          className="dayDataItem "
          data-test="dayDataListItem"
        >
          item 2
        </li>
        <li
          className="dayDataItem "
          data-test="dayDataListItem"
        >
          item 3
        </li>
      </ul>
    </div>
    <div
      className="calendarDayContainer  "
      data-test="calendarDayContainer"
      onClick={[Function]}
      style={
        Object {
          "backgroundColor": "",
        }
      }
    >
      <p
        className="calendarNum "
        data-test="calendarNum"
      >
        2
         
      </p>
      <ul
        className="dayDataList "
        data-test="dayDataList"
      >
        <li
          className="dayDataItem "
          data-test="dayDataListItem"
        >
          item 4
        </li>
        <li
          className="dayDataItem "
          data-test="dayDataListItem"
        >
          item 5
        </li>
        <li
          className="dayDataItem "
          data-test="dayDataListItem"
        >
          item 6
        </li>
      </ul>
    </div>
    <div
      className="calendarDayContainer  "
      data-test="calendarDayContainer"
      onClick={[Function]}
      style={
        Object {
          "backgroundColor": "",
        }
      }
    >
      <p
        className="calendarNum "
        data-test="calendarNum"
      >
        3
         
      </p>
      <ul
        className="dayDataList "
        data-test="dayDataList"
      >
        
      </ul>
    </div>
    <div
      className="calendarDayContainer  "
      data-test="calendarDayContainer"
      onClick={[Function]}
      style={
        Object {
          "backgroundColor": "",
        }
      }
    >
      <p
        className="calendarNum "
        data-test="calendarNum"
      >
        4
         
      </p>
      <ul
        className="dayDataList "
        data-test="dayDataList"
      >
        
      </ul>
    </div>
    <div
      className="calendarDayContainer  "
      data-test="calendarDayContainer"
      onClick={[Function]}
      style={
        Object {
          "backgroundColor": "",
        }
      }
    >
      <p
        className="calendarNum "
        data-test="calendarNum"
      >
        5
         
      </p>
      <ul
        className="dayDataList "
        data-test="dayDataList"
      >
        
      </ul>
    </div>
  </div>
  <div
    className="calendarRow "
    data-test="calendarRowContainer"
  >
    <div
      className="calendarDayContainer  "
      data-test="calendarDayContainer"
      onClick={[Function]}
      style={
        Object {
          "backgroundColor": "",
        }
      }
    >
      <p
        className="calendarNum "
        data-test="calendarNum"
      >
        6
         
      </p>
      <ul
        className="dayDataList "
        data-test="dayDataList"
      >
        
      </ul>
    </div>
    <div
      className="calendarDayContainer  "
      data-test="calendarDayContainer"
      onClick={[Function]}
      style={
        Object {
          "backgroundColor": "",
        }
      }
    >
      <p
        className="calendarNum "
        data-test="calendarNum"
      >
        7
         
      </p>
      <ul
        className="dayDataList "
        data-test="dayDataList"
      >
        
      </ul>
    </div>
    <div
      className="calendarDayContainer  "
      data-test="calendarDayContainer"
      onClick={[Function]}
      style={
        Object {
          "backgroundColor": "",
        }
      }
    >
      <p
        className="calendarNum "
        data-test="calendarNum"
      >
        8
         
      </p>
      <ul
        className="dayDataList "
        data-test="dayDataList"
      >
        
      </ul>
    </div>
    <div
      className="calendarDayContainer  "
      data-test="calendarDayContainer"
      onClick={[Function]}
      style={
        Object {
          "backgroundColor": "",
        }
      }
    >
      <p
        className="calendarNum "
        data-test="calendarNum"
      >
        9
         
      </p>
      <ul
        className="dayDataList "
        data-test="dayDataList"
      >
        
      </ul>
    </div>
    <div
      className="calendarDayContainer  "
      data-test="calendarDayContainer"
      onClick={[Function]}
      style={
        Object {
          "backgroundColor": "",
        }
      }
    >
      <p
        className="calendarNum "
        data-test="calendarNum"
      >
        10
         
      </p>
      <ul
        className="dayDataList "
        data-test="dayDataList"
      >
        
      </ul>
    </div>
    <div
      className="calendarDayContainer  "
      data-test="calendarDayContainer"
      onClick={[Function]}
      style={
        Object {
          "backgroundColor": "",
        }
      }
    >
      <p
        className="calendarNum "
        data-test="calendarNum"
      >
        11
         
      </p>
      <ul
        className="dayDataList "
        data-test="dayDataList"
      >
        
      </ul>
    </div>
    <div
      className="calendarDayContainer  "
      data-test="calendarDayContainer"
      onClick={[Function]}
      style={
        Object {
          "backgroundColor": "",
        }
      }
    >
      <p
        className="calendarNum "
        data-test="calendarNum"
      >
        12
         
      </p>
      <ul
        className="dayDataList "
        data-test="dayDataList"
      >
        
      </ul>
    </div>
  </div>
  <div
    className="calendarRow "
    data-test="calendarRowContainer"
  >
    <div
      className="calendarDayContainer  "
      data-test="calendarDayContainer"
      onClick={[Function]}
      style={
        Object {
          "backgroundColor": "",
        }
      }
    >
      <p
        className="calendarNum "
        data-test="calendarNum"
      >
        13
         
      </p>
      <ul
        className="dayDataList "
        data-test="dayDataList"
      >
        
      </ul>
    </div>
    <div
      className="calendarDayContainer  "
      data-test="calendarDayContainer"
      onClick={[Function]}
      style={
        Object {
          "backgroundColor": "",
        }
      }
    >
      <p
        className="calendarNum "
        data-test="calendarNum"
      >
        14
         
      </p>
      <ul
        className="dayDataList "
        data-test="dayDataList"
      >
        
      </ul>
    </div>
    <div
      className="calendarDayContainer  "
      data-test="calendarDayContainer"
      onClick={[Function]}
      style={
        Object {
          "backgroundColor": "",
        }
      }
    >
      <p
        className="calendarNum "
        data-test="calendarNum"
      >
        15
         
      </p>
      <ul
        className="dayDataList "
        data-test="dayDataList"
      >
        
      </ul>
    </div>
    <div
      className="calendarDayContainer  "
      data-test="calendarDayContainer"
      onClick={[Function]}
      style={
        Object {
          "backgroundColor": "",
        }
      }
    >
      <p
        className="calendarNum "
        data-test="calendarNum"
      >
        16
         
      </p>
      <ul
        className="dayDataList "
        data-test="dayDataList"
      >
        
      </ul>
    </div>
    <div
      className="calendarDayContainer  "
      data-test="calendarDayContainer"
      onClick={[Function]}
      style={
        Object {
          "backgroundColor": "",
        }
      }
    >
      <p
        className="calendarNum "
        data-test="calendarNum"
      >
        17
         
      </p>
      <ul
        className="dayDataList "
        data-test="dayDataList"
      >
        
      </ul>
    </div>
    <div
      className="calendarDayContainer  "
      data-test="calendarDayContainer"
      onClick={[Function]}
      style={
        Object {
          "backgroundColor": "",
        }
      }
    >
      <p
        className="calendarNum "
        data-test="calendarNum"
      >
        18
         
      </p>
      <ul
        className="dayDataList "
        data-test="dayDataList"
      >
        
      </ul>
    </div>
    <div
      className="calendarDayContainer  "
      data-test="calendarDayContainer"
      onClick={[Function]}
      style={
        Object {
          "backgroundColor": "",
        }
      }
    >
      <p
        className="calendarNum "
        data-test="calendarNum"
      >
        19
         
      </p>
      <ul
        className="dayDataList "
        data-test="dayDataList"
      >
        
      </ul>
    </div>
  </div>
  <div
    className="calendarRow "
    data-test="calendarRowContainer"
  >
    <div
      className="calendarDayContainer  "
      data-test="calendarDayContainer"
      onClick={[Function]}
      style={
        Object {
          "backgroundColor": "",
        }
      }
    >
      <p
        className="calendarNum "
        data-test="calendarNum"
      >
        20
         
      </p>
      <ul
        className="dayDataList "
        data-test="dayDataList"
      >
        
      </ul>
    </div>
    <div
      className="calendarDayContainer  "
      data-test="calendarDayContainer"
      onClick={[Function]}
      style={
        Object {
          "backgroundColor": "",
        }
      }
    >
      <p
        className="calendarNum "
        data-test="calendarNum"
      >
        21
         
      </p>
      <ul
        className="dayDataList "
        data-test="dayDataList"
      >
        
      </ul>
    </div>
    <div
      className="calendarDayContainer  "
      data-test="calendarDayContainer"
      onClick={[Function]}
      style={
        Object {
          "backgroundColor": "",
        }
      }
    >
      <p
        className="calendarNum "
        data-test="calendarNum"
      >
        22
         
      </p>
      <ul
        className="dayDataList "
        data-test="dayDataList"
      >
        
      </ul>
    </div>
    <div
      className="calendarDayContainer  "
      data-test="calendarDayContainer"
      onClick={[Function]}
      style={
        Object {
          "backgroundColor": "",
        }
      }
    >
      <p
        className="calendarNum "
        data-test="calendarNum"
      >
        23
         
      </p>
      <ul
        className="dayDataList "
        data-test="dayDataList"
      >
        
      </ul>
    </div>
    <div
      className="calendarDayContainer  "
      data-test="calendarDayContainer"
      onClick={[Function]}
      style={
        Object {
          "backgroundColor": "",
        }
      }
    >
      <p
        className="calendarNum "
        data-test="calendarNum"
      >
        24
         
      </p>
      <ul
        className="dayDataList "
        data-test="dayDataList"
      >
        
      </ul>
    </div>
    <div
      className="calendarDayContainer  "
      data-test="calendarDayContainer"
      onClick={[Function]}
      style={
        Object {
          "backgroundColor": "",
        }
      }
    >
      <p
        className="calendarNum "
        data-test="calendarNum"
      >
        25
         
      </p>
      <ul
        className="dayDataList "
        data-test="dayDataList"
      >
        
      </ul>
    </div>
    <div
      className="calendarDayContainer  "
      data-test="calendarDayContainer"
      onClick={[Function]}
      style={
        Object {
          "backgroundColor": "",
        }
      }
    >
      <p
        className="calendarNum "
        data-test="calendarNum"
      >
        26
         
      </p>
      <ul
        className="dayDataList "
        data-test="dayDataList"
      >
        
      </ul>
    </div>
  </div>
  <div
    className="calendarRow "
    data-test="calendarRowContainer"
  >
    <div
      className="calendarDayContainer  "
      data-test="calendarDayContainer"
      onClick={[Function]}
      style={
        Object {
          "backgroundColor": "",
        }
      }
    >
      <p
        className="calendarNum "
        data-test="calendarNum"
      >
        27
         
      </p>
      <ul
        className="dayDataList "
        data-test="dayDataList"
      >
        
      </ul>
    </div>
    <div
      className="calendarDayContainer  "
      data-test="calendarDayContainer"
      onClick={[Function]}
      style={
        Object {
          "backgroundColor": "",
        }
      }
    >
      <p
        className="calendarNum "
        data-test="calendarNum"
      >
        28
         
      </p>
      <ul
        className="dayDataList "
        data-test="dayDataList"
      >
        
      </ul>
    </div>
    <div
      className="calendarDayContainer  "
      data-test="calendarDayContainer"
      onClick={[Function]}
      style={
        Object {
          "backgroundColor": "",
        }
      }
    >
      <p
        className="calendarNum "
        data-test="calendarNum"
      >
        29
         
      </p>
      <ul
        className="dayDataList "
        data-test="dayDataList"
      >
        
      </ul>
    </div>
    <div
      className="calendarDayContainer  "
      data-test="calendarDayContainer"
      onClick={[Function]}
      style={
        Object {
          "backgroundColor": "",
        }
      }
    >
      <p
        className="calendarNum "
        data-test="calendarNum"
      >
        30
         
      </p>
      <ul
        className="dayDataList "
        data-test="dayDataList"
      >
        
      </ul>
    </div>
    <div
      className="calendarDayContainer  "
      data-test="calendarDayContainer"
      onClick={[Function]}
      style={
        Object {
          "backgroundColor": "",
        }
      }
    >
      <p
        className="calendarNum "
        data-test="calendarNum"
      >
        31
         
      </p>
      <ul
        className="dayDataList "
        data-test="dayDataList"
      >
        
      </ul>
    </div>
    <div
      className="calendarDayContainer  "
      data-test="calendarDayContainer"
      onClick={[Function]}
      style={
        Object {
          "backgroundColor": "",
        }
      }
    >
      <ul
        className="dayDataList "
        data-test="dayDataList"
      >
        
      </ul>
    </div>
    <div
      className="calendarDayContainer  "
      data-test="calendarDayContainer"
      onClick={[Function]}
      style={
        Object {
          "backgroundColor": "",
        }
      }
    >
      <ul
        className="dayDataList "
        data-test="dayDataList"
      >
        
      </ul>
    </div>
  </div>
  
  
  
  
  
</div>
`;
